BENCH START fixture
BENCH DONE fixture: 0.425s; RSS 0.180 GiB
BENCH START initialize_three_market_session
[cal] abcd = [ 0.258  -0.2751  1.8661  0.1557]  RMSE = 24.7 bp vol
[cc] lambda = 0.350  R2 = 0.957
[ps] kappa = 3.22  theta = 118bp  sigma = 39bp/sqrt(y)
[dep] b_max = 0.60  pivot = 2.5%  lam_up = 0.12  lam_dn = 0.38  fit RMSE = 1.5bp
[cal] abcd = [ 0.258  -0.2751  1.8661  0.1557]  RMSE = 24.7 bp vol
BENCH PRICED 60000 positions in 31.565s
[cal] abcd = [ 0.258  -0.2751  1.8661  0.1557]  RMSE = 24.7 bp vol
[cc] lambda = 0.350  R2 = 0.957
[ps] kappa = 3.22  theta = 118bp  sigma = 39bp/sqrt(y)
[dep] b_max = 0.60  pivot = 2.5%  lam_up = 0.12  lam_dn = 0.38  fit RMSE = 1.5bp
[cc] lambda = 0.350  R2 = 0.957
[ps] kappa = 3.22  theta = 118bp  sigma = 39bp/sqrt(y)
[cal] abcd = [ 0.2494 -0.2533  1.8887  0.1583]  RMSE = 25.1 bp vol
[cal] abcd = [ 0.258  -0.2751  1.8661  0.1557]  RMSE = 24.7 bp vol
[dep] b_max = 0.60  pivot = 2.5%  lam_up = 0.12  lam_dn = 0.38  fit RMSE = 1.5bp
[cal] abcd = [ 0.2494 -0.2533  1.8887  0.1583]  RMSE = 25.1 bp vol
BENCH PRICED 60000 positions in 43.476s
[cal] abcd = [ 0.2494 -0.2533  1.8887  0.1583]  RMSE = 25.1 bp vol
[cc] lambda = 0.350  R2 = 0.957
[ps] kappa = 3.22  theta = 118bp  sigma = 39bp/sqrt(y)
[dep] b_max = 0.60  pivot = 2.5%  lam_up = 0.12  lam_dn = 0.38  fit RMSE = 1.5bp
[cc] lambda = 0.350  R2 = 0.957
[ps] kappa = 3.22  theta = 118bp  sigma = 39bp/sqrt(y)
[cal] abcd = [ 0.2679 -0.2991  1.8455  0.1529]  RMSE = 24.2 bp vol
[cal] abcd = [ 0.258  -0.2751  1.8661  0.1557]  RMSE = 24.7 bp vol
[dep] b_max = 0.60  pivot = 2.5%  lam_up = 0.12  lam_dn = 0.38  fit RMSE = 1.5bp
[cal] abcd = [ 0.2679 -0.2991  1.8455  0.1529]  RMSE = 24.2 bp vol
BENCH PRICED 60000 positions in 44.926s
[cal] abcd = [ 0.2679 -0.2991  1.8455  0.1529]  RMSE = 24.2 bp vol
[cc] lambda = 0.350  R2 = 0.957
[ps] kappa = 3.22  theta = 118bp  sigma = 39bp/sqrt(y)
[dep] b_max = 0.60  pivot = 2.5%  lam_up = 0.12  lam_dn = 0.38  fit RMSE = 1.5bp
BENCH DONE initialize_three_market_session: 122.034s; RSS 1.878 GiB
BENCH START first_solve_and_independent_replay
BENCH DONE first_solve_and_independent_replay: 0.023s; RSS 1.350 GiB
BENCH START constraint_update
BENCH DONE constraint_update: 0.018s; RSS 1.350 GiB
BENCH START single_mbs_update
[cc] lambda = 0.350  R2 = 0.957
[ps] kappa = 3.22  theta = 118bp  sigma = 39bp/sqrt(y)
[cal] abcd = [ 0.2494 -0.2533  1.8887  0.1583]  RMSE = 25.1 bp vol
BENCH DONE single_mbs_update: 0.765s; RSS 1.369 GiB
BENCH START single_loans_update
BENCH DONE single_loans_update: 0.173s; RSS 1.370 GiB
BENCH START single_debt_update
BENCH DONE single_debt_update: 0.097s; RSS 1.369 GiB
BENCH START single_deposits_update
BENCH DONE single_deposits_update: 0.125s; RSS 1.369 GiB
BENCH START single_cds_update
BENCH DONE single_cds_update: 0.092s; RSS 1.369 GiB
BENCH START hundred_loan_update
BENCH DONE hundred_loan_update: 0.332s; RSS 1.369 GiB
BENCH START template_update
[cal] abcd = [ 0.258  -0.2751  1.8661  0.1557]  RMSE = 24.7 bp vol
[cal] abcd = [ 0.2494 -0.2533  1.8887  0.1583]  RMSE = 25.1 bp vol
[cal] abcd = [ 0.2679 -0.2991  1.8455  0.1529]  RMSE = 24.2 bp vol
[cal] abcd = [ 0.258  -0.2751  1.8661  0.1557]  RMSE = 24.7 bp vol
[cal] abcd = [ 0.2494 -0.2533  1.8887  0.1583]  RMSE = 25.1 bp vol
[cal] abcd = [ 0.2679 -0.2991  1.8455  0.1529]  RMSE = 24.2 bp vol
[cal] abcd = [ 0.258  -0.2751  1.8661  0.1557]  RMSE = 24.7 bp vol
[cal] abcd = [ 0.2494 -0.2533  1.8887  0.1583]  RMSE = 25.1 bp vol
[cal] abcd = [ 0.2679 -0.2991  1.8455  0.1529]  RMSE = 24.2 bp vol
BENCH DONE template_update: 1.117s; RSS 1.380 GiB
BENCH START native_allocation_replay
BENCH DONE native_allocation_replay: 0.007s; RSS 1.369 GiB
BENCH START python_allocation_replay
BENCH DONE python_allocation_replay: 0.004s; RSS 1.369 GiB
BENCH START fresh_scipy_same_coefficients
BENCH DONE fresh_scipy_same_coefficients: 0.035s; RSS 1.370 GiB
BENCH START persistent_native_same_coefficients
BENCH DONE persistent_native_same_coefficients: 0.019s; RSS 1.370 GiB
BENCH START full_python_rebuild_and_solve
BENCH START full_rebuild_price_base
[cal] abcd = [ 0.258  -0.2751  1.8661  0.1557]  RMSE = 24.7 bp vol
[cc] lambda = 0.350  R2 = 0.957
[ps] kappa = 3.22  theta = 118bp  sigma = 39bp/sqrt(y)
[dep] b_max = 0.60  pivot = 2.5%  lam_up = 0.12  lam_dn = 0.38  fit RMSE = 1.5bp
[cal] abcd = [ 0.258  -0.2751  1.8661  0.1557]  RMSE = 24.7 bp vol
BENCH DONE full_rebuild_price_base: 31.996s; RSS 1.552 GiB
[cal] abcd = [ 0.258  -0.2751  1.8661  0.1557]  RMSE = 24.7 bp vol
[cc] lambda = 0.350  R2 = 0.957
[ps] kappa = 3.22  theta = 118bp  sigma = 39bp/sqrt(y)
[dep] b_max = 0.60  pivot = 2.5%  lam_up = 0.12  lam_dn = 0.38  fit RMSE = 1.5bp
BENCH START full_rebuild_price_up25bp
[cc] lambda = 0.350  R2 = 0.957
[ps] kappa = 3.22  theta = 118bp  sigma = 39bp/sqrt(y)
[cal] abcd = [ 0.2494 -0.2533  1.8887  0.1583]  RMSE = 25.1 bp vol
[cal] abcd = [ 0.258  -0.2751  1.8661  0.1557]  RMSE = 24.7 bp vol
[dep] b_max = 0.60  pivot = 2.5%  lam_up = 0.12  lam_dn = 0.38  fit RMSE = 1.5bp
[cal] abcd = [ 0.2494 -0.2533  1.8887  0.1583]  RMSE = 25.1 bp vol
BENCH DONE full_rebuild_price_up25bp: 45.198s; RSS 1.899 GiB
[cal] abcd = [ 0.2494 -0.2533  1.8887  0.1583]  RMSE = 25.1 bp vol
[cc] lambda = 0.350  R2 = 0.957
[ps] kappa = 3.22  theta = 118bp  sigma = 39bp/sqrt(y)
[dep] b_max = 0.60  pivot = 2.5%  lam_up = 0.12  lam_dn = 0.38  fit RMSE = 1.5bp
BENCH START full_rebuild_price_down25bp
[cc] lambda = 0.350  R2 = 0.957
[ps] kappa = 3.22  theta = 118bp  sigma = 39bp/sqrt(y)
[cal] abcd = [ 0.2679 -0.2991  1.8455  0.1529]  RMSE = 24.2 bp vol
[cal] abcd = [ 0.258  -0.2751  1.8661  0.1557]  RMSE = 24.7 bp vol
[dep] b_max = 0.60  pivot = 2.5%  lam_up = 0.12  lam_dn = 0.38  fit RMSE = 1.5bp
[cal] abcd = [ 0.2679 -0.2991  1.8455  0.1529]  RMSE = 24.2 bp vol
BENCH DONE full_rebuild_price_down25bp: 45.195s; RSS 2.006 GiB
[cal] abcd = [ 0.2679 -0.2991  1.8455  0.1529]  RMSE = 24.2 bp vol
[cc] lambda = 0.350  R2 = 0.957
[ps] kappa = 3.22  theta = 118bp  sigma = 39bp/sqrt(y)
[dep] b_max = 0.60  pivot = 2.5%  lam_up = 0.12  lam_dn = 0.38  fit RMSE = 1.5bp
BENCH DONE full_python_rebuild_and_solve: 123.487s; RSS 2.006 GiB
BENCH START full_key_rate_analytics_base_market
[cal] abcd = [ 0.258  -0.2751  1.8661  0.1557]  RMSE = 24.7 bp vol
[cc] lambda = 0.350  R2 = 0.957
[ps] kappa = 3.22  theta = 118bp  sigma = 39bp/sqrt(y)
[dep] b_max = 0.60  pivot = 2.5%  lam_up = 0.12  lam_dn = 0.38  fit RMSE = 1.5bp
[cal] abcd = [ 0.258  -0.2751  1.8661  0.1557]  RMSE = 24.7 bp vol
BENCH DONE full_key_rate_analytics_base_market: 188.959s; RSS 2.056 GiB
BENCH REPORT C:\Users\schwa\Repos\model-portfolio-sim\docs\reviews\2026-09-28-balance-sheet-60000.json
