BENCH START fixture
BENCH DONE fixture: 0.405s; RSS 0.176 GiB
BENCH START initialize_three_market_session
[cal] abcd = [ 0.258  -0.2751  1.8661  0.1557]  RMSE = 24.7 bp vol
[cc] lambda = 0.350  R2 = 0.957
[ps] kappa = 3.22  theta = 118bp  sigma = 39bp/sqrt(y)
[dep] b_max = 0.60  pivot = 2.5%  lam_up = 0.12  lam_dn = 0.38  fit RMSE = 1.5bp
[cal] abcd = [ 0.258  -0.2751  1.8661  0.1557]  RMSE = 24.7 bp vol
BENCH PRICED 60000 positions in 46.819s
[cal] abcd = [ 0.258  -0.2751  1.8661  0.1557]  RMSE = 24.7 bp vol
[cc] lambda = 0.350  R2 = 0.957
[ps] kappa = 3.22  theta = 118bp  sigma = 39bp/sqrt(y)
[dep] b_max = 0.60  pivot = 2.5%  lam_up = 0.12  lam_dn = 0.38  fit RMSE = 1.5bp
[cal] abcd = [ 0.2494 -0.2533  1.8887  0.1583]  RMSE = 25.1 bp vol
[cal] abcd = [ 0.2494 -0.2533  1.8887  0.1583]  RMSE = 25.1 bp vol
BENCH PRICED 60000 positions in 58.052s
[cal] abcd = [ 0.2494 -0.2533  1.8887  0.1583]  RMSE = 25.1 bp vol
[cc] lambda = 0.350  R2 = 0.957
[ps] kappa = 3.22  theta = 118bp  sigma = 39bp/sqrt(y)
[dep] b_max = 0.60  pivot = 2.5%  lam_up = 0.12  lam_dn = 0.38  fit RMSE = 1.5bp
[cal] abcd = [ 0.2679 -0.2991  1.8455  0.1529]  RMSE = 24.2 bp vol
